com/tech/madhyam/repository/RackRepository.class
com/tech/madhyam/entity/WarehouseInventory.class
com/tech/madhyam/repository/SchemaRecordRepository.class
com/tech/madhyam/entity/Category.class
com/tech/madhyam/repository/WarehouseInventoryRepository.class
com/tech/madhyam/entity/PurchaseOrderDetails.class
com/tech/madhyam/controller/ApiController$QuotationDetailWrapper.class
com/tech/madhyam/controller/ApiController$SalesOrderRecWrapper.class
com/tech/madhyam/repository/ApproverRepository.class
com/tech/madhyam/controller/AppObjectWrapper.class
com/tech/madhyam/controller/FileWrapper.class
com/tech/madhyam/controller/ApiController$PurchaseOrderDetailWrapper.class
com/tech/madhyam/controller/YearMonthObjectPOWrapper.class
com/tech/madhyam/entity/Schema.class
com/tech/madhyam/controller/SchemaTabWrapper.class
com/tech/madhyam/entity/AppObjectField.class
com/tech/madhyam/controller/ApiController$TodayTaskWrapper.class
com/tech/madhyam/MadhyamApplication.class
com/tech/madhyam/repository/QuotationRepository.class
com/tech/madhyam/entity/SalesOrder.class
com/tech/madhyam/repository/PurchaseOrderRepository.class
com/tech/madhyam/repository/PurchaseOrderDetailsRepository.class
com/tech/madhyam/repository/CategoryRepository.class
com/tech/madhyam/repository/SalesOrderDetailsRepository.class
com/tech/madhyam/repository/AppUserRespository.class
com/tech/madhyam/repository/InventoryRepository.class
com/tech/madhyam/repository/SalesOrderRepository.class
com/tech/madhyam/entity/Document.class
com/tech/madhyam/repository/DocumentRepository.class
com/tech/madhyam/entity/WorkOrderItems.class
com/tech/madhyam/entity/AppObject.class
com/tech/madhyam/entity/Inventory.class
com/tech/madhyam/repository/WarehouseRepository.class
com/tech/madhyam/repository/AppObjectRepository.class
com/tech/madhyam/repository/CompanyRepository.class
com/tech/madhyam/controller/ApiController$LoggedInUserWrapper.class
com/tech/madhyam/repository/SchemaRepository.class
com/tech/madhyam/repository/AppObjectFieldRespository.class
com/tech/madhyam/entity/Quotation.class
com/tech/madhyam/controller/ApiController.class
com/tech/madhyam/entity/Profile.class
com/tech/madhyam/entity/Warehouse.class
com/tech/madhyam/repository/ProductRepository.class
com/tech/madhyam/entity/NonUser.class
com/tech/madhyam/entity/Approvers.class
com/tech/madhyam/controller/SalesOrderWrapper.class
com/tech/madhyam/entity/SchemaRecord.class
com/tech/madhyam/repository/QuotationDetailsRepository.class
com/tech/madhyam/entity/User.class
com/tech/madhyam/entity/Product.class
com/tech/madhyam/entity/PurchaseOrder.class
com/tech/madhyam/repository/WorkOrderItemsRepository.class
com/tech/madhyam/controller/PurchaseOrderWrapper.class
com/tech/madhyam/repository/UserRepository.class
com/tech/madhyam/controller/YearMonthObjectWOWrapper.class
com/tech/madhyam/entity/QuotationDetails.class
com/tech/madhyam/entity/WorkOrder.class
com/tech/madhyam/entity/Company.class
com/tech/madhyam/entity/Rack.class
com/tech/madhyam/controller/ApiController$ProductCategoryWrap.class
com/tech/madhyam/repository/NonUserRepository.class
com/tech/madhyam/controller/YearMonthObjectSOWrapper.class
com/tech/madhyam/entity/SalesOrderDetails.class
com/tech/madhyam/entity/AppUser.class
com/tech/madhyam/repository/WorkOrderRepository.class
com/tech/madhyam/controller/ApiController$SOPOQuoationStatusWrap.class
com/tech/madhyam/repository/ProfileRepository.class
