/Users/HarshSingh/Downloads/Tech-Madhyam/madhyam/src/main/java/com/tech/madhyam/entity/NonUser.java
/Users/HarshSingh/Downloads/Tech-Madhyam/madhyam/src/main/java/com/tech/madhyam/repository/PurchaseOrderRepository.java
/Users/HarshSingh/Downloads/Tech-Madhyam/madhyam/src/main/java/com/tech/madhyam/entity/WarehouseInventory.java
/Users/HarshSingh/Downloads/Tech-Madhyam/madhyam/src/main/java/com/tech/madhyam/entity/Profile.java
/Users/HarshSingh/Downloads/Tech-Madhyam/madhyam/src/main/java/com/tech/madhyam/controller/YearMonthObjectPOWrapper.java
/Users/HarshSingh/Downloads/Tech-Madhyam/madhyam/src/main/java/com/tech/madhyam/repository/QuotationRepository.java
/Users/HarshSingh/Downloads/Tech-Madhyam/madhyam/src/main/java/com/tech/madhyam/repository/ProductRepository.java
/Users/HarshSingh/Downloads/Tech-Madhyam/madhyam/src/main/java/com/tech/madhyam/repository/NonUserRepository.java
/Users/HarshSingh/Downloads/Tech-Madhyam/madhyam/src/main/java/com/tech/madhyam/repository/AppUserRespository.java
/Users/HarshSingh/Downloads/Tech-Madhyam/madhyam/src/main/java/com/tech/madhyam/repository/QuotationDetailsRepository.java
/Users/HarshSingh/Downloads/Tech-Madhyam/madhyam/src/main/java/com/tech/madhyam/entity/Document.java
/Users/HarshSingh/Downloads/Tech-Madhyam/madhyam/src/main/java/com/tech/madhyam/entity/Product.java
/Users/HarshSingh/Downloads/Tech-Madhyam/madhyam/src/main/java/com/tech/madhyam/controller/SchemaTabWrapper.java
/Users/HarshSingh/Downloads/Tech-Madhyam/madhyam/src/main/java/com/tech/madhyam/entity/User.java
/Users/HarshSingh/Downloads/Tech-Madhyam/madhyam/src/main/java/com/tech/madhyam/repository/RackRepository.java
/Users/HarshSingh/Downloads/Tech-Madhyam/madhyam/src/main/java/com/tech/madhyam/entity/WorkOrder.java
/Users/HarshSingh/Downloads/Tech-Madhyam/madhyam/src/main/java/com/tech/madhyam/repository/PurchaseOrderDetailsRepository.java
/Users/HarshSingh/Downloads/Tech-Madhyam/madhyam/src/main/java/com/tech/madhyam/controller/PurchaseOrderWrapper.java
/Users/HarshSingh/Downloads/Tech-Madhyam/madhyam/src/main/java/com/tech/madhyam/repository/DocumentRepository.java
/Users/HarshSingh/Downloads/Tech-Madhyam/madhyam/src/main/java/com/tech/madhyam/entity/AppObject.java
/Users/HarshSingh/Downloads/Tech-Madhyam/madhyam/src/main/java/com/tech/madhyam/controller/FileWrapper.java
/Users/HarshSingh/Downloads/Tech-Madhyam/madhyam/src/main/java/com/tech/madhyam/repository/WarehouseInventoryRepository.java
/Users/HarshSingh/Downloads/Tech-Madhyam/madhyam/src/main/java/com/tech/madhyam/repository/WorkOrderItemsRepository.java
/Users/HarshSingh/Downloads/Tech-Madhyam/madhyam/src/main/java/com/tech/madhyam/repository/CategoryRepository.java
/Users/HarshSingh/Downloads/Tech-Madhyam/madhyam/src/main/java/com/tech/madhyam/repository/SalesOrderDetailsRepository.java
/Users/HarshSingh/Downloads/Tech-Madhyam/madhyam/src/main/java/com/tech/madhyam/controller/YearMonthObjectWOWrapper.java
/Users/HarshSingh/Downloads/Tech-Madhyam/madhyam/src/main/java/com/tech/madhyam/repository/InventoryRepository.java
/Users/HarshSingh/Downloads/Tech-Madhyam/madhyam/src/main/java/com/tech/madhyam/entity/Quotation.java
/Users/HarshSingh/Downloads/Tech-Madhyam/madhyam/src/main/java/com/tech/madhyam/controller/YearMonthObjectSOWrapper.java
/Users/HarshSingh/Downloads/Tech-Madhyam/madhyam/src/main/java/com/tech/madhyam/entity/PurchaseOrderDetails.java
/Users/HarshSingh/Downloads/Tech-Madhyam/madhyam/src/main/java/com/tech/madhyam/entity/SalesOrder.java
/Users/HarshSingh/Downloads/Tech-Madhyam/madhyam/src/main/java/com/tech/madhyam/repository/WorkOrderRepository.java
/Users/HarshSingh/Downloads/Tech-Madhyam/madhyam/src/main/java/com/tech/madhyam/repository/AppObjectRepository.java
/Users/HarshSingh/Downloads/Tech-Madhyam/madhyam/src/main/java/com/tech/madhyam/entity/AppObjectField.java
/Users/HarshSingh/Downloads/Tech-Madhyam/madhyam/src/main/java/com/tech/madhyam/controller/AppObjectWrapper.java
/Users/HarshSingh/Downloads/Tech-Madhyam/madhyam/src/main/java/com/tech/madhyam/entity/QuotationDetails.java
/Users/HarshSingh/Downloads/Tech-Madhyam/madhyam/src/main/java/com/tech/madhyam/entity/Category.java
/Users/HarshSingh/Downloads/Tech-Madhyam/madhyam/src/main/java/com/tech/madhyam/entity/SalesOrderDetails.java
/Users/HarshSingh/Downloads/Tech-Madhyam/madhyam/src/main/java/com/tech/madhyam/MadhyamApplication.java
/Users/HarshSingh/Downloads/Tech-Madhyam/madhyam/src/main/java/com/tech/madhyam/repository/SalesOrderRepository.java
/Users/HarshSingh/Downloads/Tech-Madhyam/madhyam/src/main/java/com/tech/madhyam/repository/SchemaRepository.java
/Users/HarshSingh/Downloads/Tech-Madhyam/madhyam/src/main/java/com/tech/madhyam/repository/WarehouseRepository.java
/Users/HarshSingh/Downloads/Tech-Madhyam/madhyam/src/main/java/com/tech/madhyam/repository/ProfileRepository.java
/Users/HarshSingh/Downloads/Tech-Madhyam/madhyam/src/main/java/com/tech/madhyam/controller/SalesOrderWrapper.java
/Users/HarshSingh/Downloads/Tech-Madhyam/madhyam/src/main/java/com/tech/madhyam/entity/WorkOrderItems.java
/Users/HarshSingh/Downloads/Tech-Madhyam/madhyam/src/main/java/com/tech/madhyam/entity/Inventory.java
/Users/HarshSingh/Downloads/Tech-Madhyam/madhyam/src/main/java/com/tech/madhyam/entity/AppUser.java
/Users/HarshSingh/Downloads/Tech-Madhyam/madhyam/src/main/java/com/tech/madhyam/entity/SchemaRecord.java
/Users/HarshSingh/Downloads/Tech-Madhyam/madhyam/src/main/java/com/tech/madhyam/entity/Company.java
/Users/HarshSingh/Downloads/Tech-Madhyam/madhyam/src/main/java/com/tech/madhyam/entity/Warehouse.java
/Users/HarshSingh/Downloads/Tech-Madhyam/madhyam/src/main/java/com/tech/madhyam/repository/CompanyRepository.java
/Users/HarshSingh/Downloads/Tech-Madhyam/madhyam/src/main/java/com/tech/madhyam/repository/AppObjectFieldRespository.java
/Users/HarshSingh/Downloads/Tech-Madhyam/madhyam/src/main/java/com/tech/madhyam/entity/PurchaseOrder.java
/Users/HarshSingh/Downloads/Tech-Madhyam/madhyam/src/main/java/com/tech/madhyam/entity/Rack.java
/Users/HarshSingh/Downloads/Tech-Madhyam/madhyam/src/main/java/com/tech/madhyam/repository/SchemaRecordRepository.java
/Users/HarshSingh/Downloads/Tech-Madhyam/madhyam/src/main/java/com/tech/madhyam/controller/ApiController.java
/Users/HarshSingh/Downloads/Tech-Madhyam/madhyam/src/main/java/com/tech/madhyam/entity/Approvers.java
/Users/HarshSingh/Downloads/Tech-Madhyam/madhyam/src/main/java/com/tech/madhyam/entity/Schema.java
/Users/HarshSingh/Downloads/Tech-Madhyam/madhyam/src/main/java/com/tech/madhyam/repository/UserRepository.java
/Users/HarshSingh/Downloads/Tech-Madhyam/madhyam/src/main/java/com/tech/madhyam/repository/ApproverRepository.java
